---
source: src/eval.rs
expression: "&result"
---
[
    Integer(
        10,
    ),
    Integer(
        10,
    ),
    Integer(
        10,
    ),
    Integer(
        10,
    ),
]
