---
source: src/eval.rs
expression: "&result"
---
[
    Bool(
        true,
    ),
    Bool(
        false,
    ),
    Bool(
        false,
    ),
    Bool(
        false,
    ),
    Bool(
        true,
    ),
    Bool(
        false,
    ),
]
