---
source: src/eval.rs
expression: "&result"
---
[
    Integer(
        5,
    ),
    Integer(
        100,
    ),
    Integer(
        5000,
    ),
    Integer(
        -5,
    ),
    Integer(
        -100,
    ),
    Integer(
        -5000,
    ),
    Integer(
        10,
    ),
    Integer(
        0,
    ),
    Integer(
        25,
    ),
    Integer(
        1,
    ),
    Integer(
        10,
    ),
    Integer(
        32,
    ),
    Integer(
        0,
    ),
    Integer(
        20,
    ),
    Integer(
        25,
    ),
    Integer(
        0,
    ),
    Integer(
        60,
    ),
    Integer(
        30,
    ),
    Integer(
        37,
    ),
    Integer(
        37,
    ),
    Integer(
        50,
    ),
]
