---
source: src/parser.rs
expression: "&program"
---
Program {
    statements: [
        Expression(
            Integer(
                5,
            ),
        ),
    ],
}
