---
source: src/parser.rs
expression: "&program"
---
Program {
    statements: [],
}
