---
source: src/parser.rs
expression: "&program"
---
Program {
    statements: [
        Expression(
            If(
                Infix(
                    Identifier(
                        "x",
                    ),
                    LT,
                    Identifier(
                        "y",
                    ),
                ),
                [
                    Return(
                        Identifier(
                            "x",
                        ),
                    ),
                ],
                [],
            ),
        ),
    ],
}
